/home/models/dreal4/dreal/test/smt2/hong/hong_12.smt2.expected