/home/models/dreal4/dreal/test/smt2/07.smt2.expected