/home/models/dreal4/dreal/test/smt2/06.smt2.expected