/home/models/dreal4/dreal/test/smt2/hong/hong_1.smt2.expected