/home/models/dreal4/dreal/test/smt2/18.smt2.expected