/home/models/dreal4/dreal/test/smt2/hex_02.smt2.expected